// Jest Snapshot v1, https://goo.gl/fbAQLP

exports[`renders correctly 1`] = `
<div>
  <div
    className="nav"
  >
    <img
      alt="logo"
      className="logo"
      src="logo.png"
    />
    <img
      alt="logo"
      className="textlogo"
      src="textlogo.png"
    />
    <label
      for="toggle"
    >
      â˜°
    </label>
    <input
      id="toggle"
      type="checkbox"
    />
    <div
      className="menu"
    >
      <a>
         
        <Link
          className="link"
          replace={false}
          to="/login"
        >
          Login
        </Link>
      </a>
      <div
        className="dropdown"
      >
        <a>
           
          <Link
            className="link"
            replace={false}
            to="/forums"
          >
             Forums
          </Link>
          <div
            class="dropdown-content"
          >
            <a
              href="/dashboard/family"
            >
              Family
            </a>
            <a
              href="/dashboard/resources"
            >
              Resources
            </a>
            <a
              href="/dashboard/motivation"
            >
              Motivation
            </a>
            <a
              href="/dashboard/nutrition"
            >
              Nutrition
            </a>
            <a
              href="/dashboard/health"
            >
              Health
            </a>
            <a
              href="/dashboard/financial"
            >
              Financial
            </a>
          </div>
        </a>
      </div>
      <a>
         
        <Link
          className="link"
          replace={false}
          to="/info"
        >
           Info
        </Link>
      </a>
      <a>
        <Link
          className="link"
          replace={false}
          to="/"
        >
          Home
        </Link>
      </a>
    </div>
  </div>
</div>
`;
